B200_sample_kd: Total params: 87,907
[ Train | 001/200 ] loss = 4.83112, acc = 0.28776
[ Valid | 001/200 ] loss = 4.28268, acc = 0.33294 -> best
[ Train | 002/200 ] loss = 4.49956, acc = 0.33813
[ Valid | 002/200 ] loss = 4.00276, acc = 0.37143 -> best
[ Train | 003/200 ] loss = 4.31614, acc = 0.36236
[ Valid | 003/200 ] loss = 3.85454, acc = 0.39708 -> best
[ Train | 004/200 ] loss = 4.15981, acc = 0.38719
[ Valid | 004/200 ] loss = 3.75037, acc = 0.41312 -> best
[ Train | 005/200 ] loss = 4.04148, acc = 0.40067
[ Valid | 005/200 ] loss = 3.66735, acc = 0.41603 -> best
[ Train | 006/200 ] loss = 3.94262, acc = 0.41881
[ Valid | 006/200 ] loss = 3.60164, acc = 0.39971
[ Train | 007/200 ] loss = 3.87005, acc = 0.42945
[ Valid | 007/200 ] loss = 3.46375, acc = 0.44257 -> best
[ Train | 008/200 ] loss = 3.81828, acc = 0.43473
[ Valid | 008/200 ] loss = 3.52603, acc = 0.42274
[ Train | 009/200 ] loss = 3.75380, acc = 0.45023
[ Valid | 009/200 ] loss = 3.40373, acc = 0.47784 -> best
[ Train | 010/200 ] loss = 3.71545, acc = 0.45459
[ Valid | 010/200 ] loss = 3.32909, acc = 0.46880
[ Train | 011/200 ] loss = 3.64648, acc = 0.46949
[ Valid | 011/200 ] loss = 3.27636, acc = 0.46589
[ Train | 012/200 ] loss = 3.62158, acc = 0.47020
[ Valid | 012/200 ] loss = 3.26911, acc = 0.50146 -> best
[ Train | 013/200 ] loss = 3.56883, acc = 0.47730
[ Valid | 013/200 ] loss = 3.29554, acc = 0.48863
[ Train | 014/200 ] loss = 3.52479, acc = 0.48774
[ Valid | 014/200 ] loss = 3.16207, acc = 0.48980
[ Train | 015/200 ] loss = 3.48920, acc = 0.49260
[ Valid | 015/200 ] loss = 3.20256, acc = 0.50029
[ Train | 016/200 ] loss = 3.47024, acc = 0.48733
[ Valid | 016/200 ] loss = 3.17673, acc = 0.49417
[ Train | 017/200 ] loss = 3.43051, acc = 0.50487
[ Valid | 017/200 ] loss = 3.02629, acc = 0.53265 -> best
[ Train | 018/200 ] loss = 3.40960, acc = 0.50101
[ Valid | 018/200 ] loss = 3.13155, acc = 0.49913
[ Train | 019/200 ] loss = 3.35310, acc = 0.50932
[ Valid | 019/200 ] loss = 3.22954, acc = 0.49096
[ Train | 020/200 ] loss = 3.32323, acc = 0.51500
[ Valid | 020/200 ] loss = 2.97505, acc = 0.52915
[ Train | 021/200 ] loss = 3.29481, acc = 0.52544
[ Valid | 021/200 ] loss = 2.93448, acc = 0.52770
[ Train | 022/200 ] loss = 3.24646, acc = 0.53162
[ Valid | 022/200 ] loss = 2.93029, acc = 0.53673 -> best
[ Train | 023/200 ] loss = 3.23380, acc = 0.53395
[ Valid | 023/200 ] loss = 3.04994, acc = 0.50787
[ Train | 024/200 ] loss = 3.19938, acc = 0.53831
[ Valid | 024/200 ] loss = 3.07969, acc = 0.50991
[ Train | 025/200 ] loss = 3.19703, acc = 0.53608
[ Valid | 025/200 ] loss = 2.95043, acc = 0.51603
[ Train | 026/200 ] loss = 3.16205, acc = 0.54885
[ Valid | 026/200 ] loss = 2.87131, acc = 0.55714 -> best
[ Train | 027/200 ] loss = 3.14110, acc = 0.54287
[ Valid | 027/200 ] loss = 2.71785, acc = 0.57318 -> best
[ Train | 028/200 ] loss = 3.11966, acc = 0.54723
[ Valid | 028/200 ] loss = 2.77087, acc = 0.56501
[ Train | 029/200 ] loss = 3.10245, acc = 0.55210
[ Valid | 029/200 ] loss = 2.89753, acc = 0.54286
[ Train | 030/200 ] loss = 3.04687, acc = 0.56365
[ Valid | 030/200 ] loss = 2.90483, acc = 0.53586
[ Train | 031/200 ] loss = 3.01199, acc = 0.56791
[ Valid | 031/200 ] loss = 2.94914, acc = 0.52799
[ Train | 032/200 ] loss = 3.01696, acc = 0.56588
[ Valid | 032/200 ] loss = 3.00482, acc = 0.54169
[ Train | 033/200 ] loss = 3.01689, acc = 0.56234
[ Valid | 033/200 ] loss = 2.68596, acc = 0.59592 -> best
[ Train | 034/200 ] loss = 2.98184, acc = 0.57348
[ Valid | 034/200 ] loss = 3.05563, acc = 0.51050
[ Train | 035/200 ] loss = 2.93830, acc = 0.57490
[ Valid | 035/200 ] loss = 2.85491, acc = 0.53032
[ Train | 036/200 ] loss = 2.92810, acc = 0.58048
[ Valid | 036/200 ] loss = 2.79269, acc = 0.56531
[ Train | 037/200 ] loss = 2.91747, acc = 0.57784
[ Valid | 037/200 ] loss = 2.69854, acc = 0.59009
[ Train | 038/200 ] loss = 2.91526, acc = 0.58068
[ Valid | 038/200 ] loss = 2.79355, acc = 0.54898
[ Train | 039/200 ] loss = 2.87225, acc = 0.58504
[ Valid | 039/200 ] loss = 2.53430, acc = 0.60583 -> best
[ Train | 040/200 ] loss = 2.87425, acc = 0.58484
[ Valid | 040/200 ] loss = 2.51944, acc = 0.60875 -> best
[ Train | 041/200 ] loss = 2.85850, acc = 0.58707
[ Valid | 041/200 ] loss = 2.71881, acc = 0.57872
[ Train | 042/200 ] loss = 2.84544, acc = 0.59467
[ Valid | 042/200 ] loss = 2.67132, acc = 0.58251
[ Train | 043/200 ] loss = 2.81536, acc = 0.59183
[ Valid | 043/200 ] loss = 2.93311, acc = 0.51953
[ Train | 044/200 ] loss = 2.79159, acc = 0.59051
[ Valid | 044/200 ] loss = 2.92968, acc = 0.52391
[ Train | 045/200 ] loss = 2.79218, acc = 0.60075
[ Valid | 045/200 ] loss = 2.53477, acc = 0.61983 -> best
[ Train | 046/200 ] loss = 2.76202, acc = 0.60399
[ Valid | 046/200 ] loss = 2.65731, acc = 0.59534
[ Train | 047/200 ] loss = 2.74599, acc = 0.60916
[ Valid | 047/200 ] loss = 2.74822, acc = 0.56560
[ Train | 048/200 ] loss = 2.74532, acc = 0.60420
[ Valid | 048/200 ] loss = 2.59933, acc = 0.60175
[ Train | 049/200 ] loss = 2.74430, acc = 0.60379
[ Valid | 049/200 ] loss = 2.55818, acc = 0.60466
[ Train | 050/200 ] loss = 2.70549, acc = 0.61028
[ Valid | 050/200 ] loss = 2.36095, acc = 0.62420 -> best
[ Train | 051/200 ] loss = 2.68137, acc = 0.61180
[ Valid | 051/200 ] loss = 2.76801, acc = 0.57872
[ Train | 052/200 ] loss = 2.69851, acc = 0.61271
[ Valid | 052/200 ] loss = 2.66719, acc = 0.56501
[ Train | 053/200 ] loss = 2.62824, acc = 0.62122
[ Valid | 053/200 ] loss = 2.32353, acc = 0.63761 -> best
[ Train | 054/200 ] loss = 2.64119, acc = 0.62457
[ Valid | 054/200 ] loss = 2.30512, acc = 0.64315 -> best
[ Train | 055/200 ] loss = 2.64045, acc = 0.62092
[ Valid | 055/200 ] loss = 3.03466, acc = 0.52216
[ Train | 056/200 ] loss = 2.63564, acc = 0.62193
[ Valid | 056/200 ] loss = 2.56748, acc = 0.61866
[ Train | 057/200 ] loss = 2.59820, acc = 0.62670
[ Valid | 057/200 ] loss = 2.66396, acc = 0.58921
[ Train | 058/200 ] loss = 2.61469, acc = 0.62720
[ Valid | 058/200 ] loss = 2.34401, acc = 0.63440
[ Train | 059/200 ] loss = 2.60047, acc = 0.62943
[ Valid | 059/200 ] loss = 2.53001, acc = 0.60496
[ Train | 060/200 ] loss = 2.56706, acc = 0.62852
[ Valid | 060/200 ] loss = 2.48061, acc = 0.61837
[ Train | 061/200 ] loss = 2.57765, acc = 0.62599
[ Valid | 061/200 ] loss = 2.42102, acc = 0.64052
[ Train | 062/200 ] loss = 2.55968, acc = 0.62791
[ Valid | 062/200 ] loss = 2.51128, acc = 0.62012
[ Train | 063/200 ] loss = 2.55503, acc = 0.63308
[ Valid | 063/200 ] loss = 2.34410, acc = 0.64344 -> best
[ Train | 064/200 ] loss = 2.54407, acc = 0.63501
[ Valid | 064/200 ] loss = 2.30109, acc = 0.64052
[ Train | 065/200 ] loss = 2.51898, acc = 0.64160
[ Valid | 065/200 ] loss = 2.40157, acc = 0.64140
[ Train | 066/200 ] loss = 2.51885, acc = 0.63754
[ Valid | 066/200 ] loss = 2.55128, acc = 0.59942
[ Train | 067/200 ] loss = 2.50775, acc = 0.64677
[ Valid | 067/200 ] loss = 2.52743, acc = 0.61808
[ Train | 068/200 ] loss = 2.49396, acc = 0.63795
[ Valid | 068/200 ] loss = 2.33510, acc = 0.64869 -> best
[ Train | 069/200 ] loss = 2.49552, acc = 0.64271
[ Valid | 069/200 ] loss = 2.44566, acc = 0.61983
[ Train | 070/200 ] loss = 2.45909, acc = 0.64971
[ Valid | 070/200 ] loss = 2.67206, acc = 0.60408
[ Train | 071/200 ] loss = 2.48880, acc = 0.64423
[ Valid | 071/200 ] loss = 2.91101, acc = 0.58630
[ Train | 072/200 ] loss = 2.46599, acc = 0.64950
[ Valid | 072/200 ] loss = 2.37436, acc = 0.63353
[ Train | 073/200 ] loss = 2.43532, acc = 0.65031
[ Valid | 073/200 ] loss = 2.43229, acc = 0.63411
[ Train | 074/200 ] loss = 2.45714, acc = 0.65001
[ Valid | 074/200 ] loss = 2.33145, acc = 0.64198
[ Train | 075/200 ] loss = 2.42993, acc = 0.65244
[ Valid | 075/200 ] loss = 2.35189, acc = 0.62682
[ Train | 076/200 ] loss = 2.42421, acc = 0.65457
[ Valid | 076/200 ] loss = 2.46807, acc = 0.63382
[ Train | 077/200 ] loss = 2.38113, acc = 0.66572
[ Valid | 077/200 ] loss = 2.41410, acc = 0.62653
[ Train | 078/200 ] loss = 2.42720, acc = 0.65254
[ Valid | 078/200 ] loss = 2.45629, acc = 0.60787
[ Train | 079/200 ] loss = 2.38833, acc = 0.65832
[ Valid | 079/200 ] loss = 2.31162, acc = 0.65394 -> best
[ Train | 080/200 ] loss = 2.38456, acc = 0.66298
[ Valid | 080/200 ] loss = 2.43124, acc = 0.63994
[ Train | 081/200 ] loss = 2.38130, acc = 0.65792
[ Valid | 081/200 ] loss = 2.39013, acc = 0.62711
[ Train | 082/200 ] loss = 2.35748, acc = 0.66572
[ Valid | 082/200 ] loss = 2.22048, acc = 0.67230 -> best
[ Train | 083/200 ] loss = 2.35054, acc = 0.66491
[ Valid | 083/200 ] loss = 2.26615, acc = 0.65335
[ Train | 084/200 ] loss = 2.36906, acc = 0.66511
[ Valid | 084/200 ] loss = 2.51315, acc = 0.61458
[ Train | 085/200 ] loss = 2.36448, acc = 0.66329
[ Valid | 085/200 ] loss = 2.73713, acc = 0.57114
[ Train | 086/200 ] loss = 2.35788, acc = 0.66207
[ Valid | 086/200 ] loss = 2.63715, acc = 0.59388
[ Train | 087/200 ] loss = 2.34422, acc = 0.66714
[ Valid | 087/200 ] loss = 2.41496, acc = 0.63557
[ Train | 088/200 ] loss = 2.32758, acc = 0.66927
[ Valid | 088/200 ] loss = 2.28093, acc = 0.66910
[ Train | 089/200 ] loss = 2.31192, acc = 0.67048
[ Valid | 089/200 ] loss = 2.27430, acc = 0.63615
[ Train | 090/200 ] loss = 2.30940, acc = 0.66623
[ Valid | 090/200 ] loss = 2.50728, acc = 0.61399
[ Train | 091/200 ] loss = 2.29714, acc = 0.67373
[ Valid | 091/200 ] loss = 2.34362, acc = 0.64665
[ Train | 092/200 ] loss = 2.27157, acc = 0.67292
[ Valid | 092/200 ] loss = 2.63406, acc = 0.61749
[ Train | 093/200 ] loss = 2.25279, acc = 0.68123
[ Valid | 093/200 ] loss = 2.27104, acc = 0.66035
[ Train | 094/200 ] loss = 2.30368, acc = 0.67048
[ Valid | 094/200 ] loss = 3.68525, acc = 0.43644
[ Train | 095/200 ] loss = 2.28957, acc = 0.67342
[ Valid | 095/200 ] loss = 2.61893, acc = 0.58717
[ Train | 096/200 ] loss = 2.26070, acc = 0.67545
[ Valid | 096/200 ] loss = 2.13760, acc = 0.68280 -> best
[ Train | 097/200 ] loss = 2.27727, acc = 0.67657
[ Valid | 097/200 ] loss = 2.68765, acc = 0.60000
[ Train | 098/200 ] loss = 2.25440, acc = 0.67687
[ Valid | 098/200 ] loss = 2.28239, acc = 0.64985
[ Train | 099/200 ] loss = 2.24237, acc = 0.68184
[ Valid | 099/200 ] loss = 2.48637, acc = 0.63848
[ Train | 100/200 ] loss = 2.24725, acc = 0.68103
[ Valid | 100/200 ] loss = 2.04433, acc = 0.68630 -> best
[ Train | 101/200 ] loss = 2.22712, acc = 0.68701
[ Valid | 101/200 ] loss = 2.79381, acc = 0.55335
[ Train | 102/200 ] loss = 2.22970, acc = 0.68174
[ Valid | 102/200 ] loss = 3.52172, acc = 0.49913
[ Train | 103/200 ] loss = 2.22654, acc = 0.68579
[ Valid | 103/200 ] loss = 2.08505, acc = 0.67813
[ Train | 104/200 ] loss = 2.20667, acc = 0.68569
[ Valid | 104/200 ] loss = 2.26842, acc = 0.67522
[ Train | 105/200 ] loss = 2.22070, acc = 0.68559
[ Valid | 105/200 ] loss = 3.26685, acc = 0.49738
[ Train | 106/200 ] loss = 2.21263, acc = 0.68934
[ Valid | 106/200 ] loss = 2.02655, acc = 0.68455
[ Train | 107/200 ] loss = 2.19687, acc = 0.68772
[ Valid | 107/200 ] loss = 2.21351, acc = 0.67755
[ Train | 108/200 ] loss = 2.18090, acc = 0.69065
[ Valid | 108/200 ] loss = 2.20503, acc = 0.65773
[ Train | 109/200 ] loss = 2.18299, acc = 0.69025
[ Valid | 109/200 ] loss = 2.13193, acc = 0.68717 -> best
[ Train | 110/200 ] loss = 2.18846, acc = 0.69126
[ Valid | 110/200 ] loss = 2.61510, acc = 0.59038
[ Train | 111/200 ] loss = 2.16404, acc = 0.69390
[ Valid | 111/200 ] loss = 2.31995, acc = 0.66152
[ Train | 112/200 ] loss = 2.17819, acc = 0.69359
[ Valid | 112/200 ] loss = 2.47944, acc = 0.62711
[ Train | 113/200 ] loss = 2.16286, acc = 0.69157
[ Valid | 113/200 ] loss = 2.46993, acc = 0.61603
[ Train | 114/200 ] loss = 2.16311, acc = 0.69339
[ Valid | 114/200 ] loss = 2.40220, acc = 0.62799
[ Train | 115/200 ] loss = 2.16204, acc = 0.69076
[ Valid | 115/200 ] loss = 2.21551, acc = 0.65627
[ Train | 116/200 ] loss = 2.15590, acc = 0.69339
[ Valid | 116/200 ] loss = 2.27690, acc = 0.64577
[ Train | 117/200 ] loss = 2.15241, acc = 0.69643
[ Valid | 117/200 ] loss = 2.47095, acc = 0.63499
[ Train | 118/200 ] loss = 2.14477, acc = 0.70059
[ Valid | 118/200 ] loss = 2.13974, acc = 0.66064
[ Train | 119/200 ] loss = 2.14694, acc = 0.69846
[ Valid | 119/200 ] loss = 2.92190, acc = 0.57930
[ Train | 120/200 ] loss = 2.11959, acc = 0.70109
[ Valid | 120/200 ] loss = 2.40962, acc = 0.63761
[ Train | 121/200 ] loss = 2.11407, acc = 0.69765
[ Valid | 121/200 ] loss = 2.30670, acc = 0.63994
[ Train | 122/200 ] loss = 2.08882, acc = 0.69988
[ Valid | 122/200 ] loss = 2.17790, acc = 0.67085
[ Train | 123/200 ] loss = 2.10514, acc = 0.70069
[ Valid | 123/200 ] loss = 2.33704, acc = 0.65044
[ Train | 124/200 ] loss = 2.11132, acc = 0.69805
[ Valid | 124/200 ] loss = 2.14040, acc = 0.66676
[ Train | 125/200 ] loss = 2.11049, acc = 0.70140
[ Valid | 125/200 ] loss = 2.53364, acc = 0.62274
[ Train | 126/200 ] loss = 2.10672, acc = 0.70099
[ Valid | 126/200 ] loss = 2.31118, acc = 0.65598
[ Train | 127/200 ] loss = 2.09612, acc = 0.69957
[ Valid | 127/200 ] loss = 2.27996, acc = 0.64344
[ Train | 128/200 ] loss = 2.06413, acc = 0.70637
[ Valid | 128/200 ] loss = 2.02448, acc = 0.70029 -> best
[ Train | 129/200 ] loss = 2.07529, acc = 0.70657
[ Valid | 129/200 ] loss = 2.12265, acc = 0.69417
[ Train | 130/200 ] loss = 2.07574, acc = 0.70789
[ Valid | 130/200 ] loss = 2.15017, acc = 0.69621
[ Train | 131/200 ] loss = 2.08157, acc = 0.70647
[ Valid | 131/200 ] loss = 2.66534, acc = 0.58251
[ Train | 132/200 ] loss = 2.07497, acc = 0.70332
[ Valid | 132/200 ] loss = 2.08343, acc = 0.69942
[ Train | 133/200 ] loss = 2.05946, acc = 0.70626
[ Valid | 133/200 ] loss = 2.19378, acc = 0.67405
[ Train | 134/200 ] loss = 2.06229, acc = 0.70272
[ Valid | 134/200 ] loss = 2.12905, acc = 0.67405
[ Train | 135/200 ] loss = 2.03771, acc = 0.71295
[ Valid | 135/200 ] loss = 2.12489, acc = 0.69067
[ Train | 136/200 ] loss = 2.03090, acc = 0.71143
[ Valid | 136/200 ] loss = 2.57029, acc = 0.62420
[ Train | 137/200 ] loss = 2.06706, acc = 0.70606
[ Valid | 137/200 ] loss = 2.35405, acc = 0.64577
[ Train | 138/200 ] loss = 2.01886, acc = 0.71194
[ Valid | 138/200 ] loss = 2.66128, acc = 0.61224
[ Train | 139/200 ] loss = 2.03416, acc = 0.71083
[ Valid | 139/200 ] loss = 2.15736, acc = 0.66443
[ Train | 140/200 ] loss = 2.05005, acc = 0.71316
[ Valid | 140/200 ] loss = 2.26109, acc = 0.65860
[ Train | 141/200 ] loss = 2.00363, acc = 0.71417
[ Valid | 141/200 ] loss = 2.20130, acc = 0.68105
[ Train | 142/200 ] loss = 2.02022, acc = 0.71843
[ Valid | 142/200 ] loss = 2.08547, acc = 0.69388
[ Train | 143/200 ] loss = 2.01311, acc = 0.71569
[ Valid | 143/200 ] loss = 2.31955, acc = 0.66706
[ Train | 144/200 ] loss = 2.00767, acc = 0.71812
[ Valid | 144/200 ] loss = 2.09318, acc = 0.68076
[ Train | 145/200 ] loss = 1.98181, acc = 0.71599
[ Valid | 145/200 ] loss = 2.04287, acc = 0.69534
[ Train | 146/200 ] loss = 1.99889, acc = 0.71883
[ Valid | 146/200 ] loss = 2.03134, acc = 0.71020 -> best
[ Train | 147/200 ] loss = 2.01210, acc = 0.71123
[ Valid | 147/200 ] loss = 1.98549, acc = 0.70292
[ Train | 148/200 ] loss = 1.99138, acc = 0.71772
[ Valid | 148/200 ] loss = 2.12188, acc = 0.67551
[ Train | 149/200 ] loss = 2.00150, acc = 0.71812
[ Valid | 149/200 ] loss = 1.95888, acc = 0.70991
[ Train | 150/200 ] loss = 2.01229, acc = 0.71711
[ Valid | 150/200 ] loss = 2.19074, acc = 0.66443
[ Train | 151/200 ] loss = 1.98914, acc = 0.71873
[ Valid | 151/200 ] loss = 2.32197, acc = 0.65423
[ Train | 152/200 ] loss = 1.98043, acc = 0.71833
[ Valid | 152/200 ] loss = 2.40049, acc = 0.62945
[ Train | 153/200 ] loss = 1.99886, acc = 0.71762
[ Valid | 153/200 ] loss = 2.16210, acc = 0.68367
[ Train | 154/200 ] loss = 1.94027, acc = 0.72927
[ Valid | 154/200 ] loss = 1.94366, acc = 0.71399 -> best
[ Train | 155/200 ] loss = 1.94927, acc = 0.72248
[ Valid | 155/200 ] loss = 2.20935, acc = 0.65831
[ Train | 156/200 ] loss = 1.95786, acc = 0.72147
[ Valid | 156/200 ] loss = 3.17965, acc = 0.53732
[ Train | 157/200 ] loss = 1.96796, acc = 0.72410
[ Valid | 157/200 ] loss = 2.49347, acc = 0.63382
[ Train | 158/200 ] loss = 1.95541, acc = 0.72299
[ Valid | 158/200 ] loss = 2.55076, acc = 0.60671
[ Train | 159/200 ] loss = 1.95111, acc = 0.72552
[ Valid | 159/200 ] loss = 2.24827, acc = 0.66181
[ Train | 160/200 ] loss = 1.95637, acc = 0.72339
[ Valid | 160/200 ] loss = 2.30126, acc = 0.66035
[ Train | 161/200 ] loss = 1.93036, acc = 0.72704
[ Valid | 161/200 ] loss = 2.13812, acc = 0.67405
[ Train | 162/200 ] loss = 1.93745, acc = 0.73221
[ Valid | 162/200 ] loss = 2.63139, acc = 0.60058
[ Train | 163/200 ] loss = 1.96155, acc = 0.72268
[ Valid | 163/200 ] loss = 2.38541, acc = 0.64169
[ Train | 164/200 ] loss = 1.93581, acc = 0.72927
[ Valid | 164/200 ] loss = 2.04649, acc = 0.70350
[ Train | 165/200 ] loss = 1.94453, acc = 0.72268
[ Valid | 165/200 ] loss = 2.15720, acc = 0.68047
[ Train | 166/200 ] loss = 1.92934, acc = 0.72167
[ Valid | 166/200 ] loss = 2.37528, acc = 0.64723
[ Train | 167/200 ] loss = 1.93175, acc = 0.72978
[ Valid | 167/200 ] loss = 2.29532, acc = 0.65918
[ Train | 168/200 ] loss = 1.91271, acc = 0.73018
[ Valid | 168/200 ] loss = 2.82479, acc = 0.57959
[ Train | 169/200 ] loss = 1.89673, acc = 0.73282
[ Valid | 169/200 ] loss = 1.92569, acc = 0.72187 -> best
[ Train | 170/200 ] loss = 1.92343, acc = 0.72745
[ Valid | 170/200 ] loss = 1.90102, acc = 0.72420 -> best
[ Train | 171/200 ] loss = 1.91207, acc = 0.73302
[ Valid | 171/200 ] loss = 1.91786, acc = 0.71778
[ Train | 172/200 ] loss = 1.90011, acc = 0.73089
[ Valid | 172/200 ] loss = 2.32931, acc = 0.64519
[ Train | 173/200 ] loss = 1.91216, acc = 0.72988
[ Valid | 173/200 ] loss = 2.00730, acc = 0.70583
[ Train | 174/200 ] loss = 1.88361, acc = 0.73616
[ Valid | 174/200 ] loss = 2.15169, acc = 0.70000
[ Train | 175/200 ] loss = 1.89469, acc = 0.73637
[ Valid | 175/200 ] loss = 2.09599, acc = 0.70146
[ Train | 176/200 ] loss = 1.89621, acc = 0.73252
[ Valid | 176/200 ] loss = 1.99058, acc = 0.70087
[ Train | 177/200 ] loss = 1.87185, acc = 0.73809
[ Valid | 177/200 ] loss = 2.29176, acc = 0.65948
[ Train | 178/200 ] loss = 1.88024, acc = 0.73556
[ Valid | 178/200 ] loss = 2.13681, acc = 0.69038
[ Train | 179/200 ] loss = 1.88133, acc = 0.73323
[ Valid | 179/200 ] loss = 2.24046, acc = 0.66356
[ Train | 180/200 ] loss = 1.88021, acc = 0.73424
[ Valid | 180/200 ] loss = 2.70936, acc = 0.62187
[ Train | 181/200 ] loss = 1.85545, acc = 0.73768
[ Valid | 181/200 ] loss = 2.21803, acc = 0.68047
[ Train | 182/200 ] loss = 1.86802, acc = 0.73860
[ Valid | 182/200 ] loss = 2.03251, acc = 0.70671
[ Train | 183/200 ] loss = 1.87065, acc = 0.73424
[ Valid | 183/200 ] loss = 2.10560, acc = 0.69913
[ Train | 184/200 ] loss = 1.86456, acc = 0.73748
[ Valid | 184/200 ] loss = 2.31499, acc = 0.65831
[ Train | 185/200 ] loss = 1.86619, acc = 0.73748
[ Valid | 185/200 ] loss = 2.16208, acc = 0.68017
[ Train | 186/200 ] loss = 1.87643, acc = 0.73698
[ Valid | 186/200 ] loss = 2.22818, acc = 0.67755
[ Train | 187/200 ] loss = 1.85058, acc = 0.73616
[ Valid | 187/200 ] loss = 2.14192, acc = 0.67522
[ Train | 188/200 ] loss = 1.85653, acc = 0.73637
[ Valid | 188/200 ] loss = 1.98787, acc = 0.70612
[ Train | 189/200 ] loss = 1.84275, acc = 0.74356
[ Valid | 189/200 ] loss = 2.08977, acc = 0.68426
[ Train | 190/200 ] loss = 1.86603, acc = 0.73809
[ Valid | 190/200 ] loss = 2.61465, acc = 0.63440
[ Train | 191/200 ] loss = 1.84340, acc = 0.73921
[ Valid | 191/200 ] loss = 1.97655, acc = 0.70117
[ Train | 192/200 ] loss = 1.84731, acc = 0.74559
[ Valid | 192/200 ] loss = 2.49035, acc = 0.63294
[ Train | 193/200 ] loss = 1.84190, acc = 0.74265
[ Valid | 193/200 ] loss = 1.92433, acc = 0.71749
[ Train | 194/200 ] loss = 1.85206, acc = 0.73880
[ Valid | 194/200 ] loss = 1.84818, acc = 0.73440 -> best
[ Train | 195/200 ] loss = 1.81502, acc = 0.74508
[ Valid | 195/200 ] loss = 2.29880, acc = 0.65714
[ Train | 196/200 ] loss = 1.83390, acc = 0.73515
[ Valid | 196/200 ] loss = 2.00326, acc = 0.69971
[ Train | 197/200 ] loss = 1.81490, acc = 0.74123
[ Valid | 197/200 ] loss = 1.92441, acc = 0.71545
[ Train | 198/200 ] loss = 1.82512, acc = 0.74711
[ Valid | 198/200 ] loss = 2.09205, acc = 0.69650
[ Train | 199/200 ] loss = 1.81528, acc = 0.74417
[ Valid | 199/200 ] loss = 2.03480, acc = 0.71283
[ Train | 200/200 ] loss = 1.81951, acc = 0.74377
[ Valid | 200/200 ] loss = 1.87754, acc = 0.73149
B200_sample_kd: best valid acc 0.73440 at epoch 194, 3962.4 s
