B200_sample_ce: Total params: 87,907
[ Train | 001/200 ] loss = 2.04134, acc = 0.29222
[ Valid | 001/200 ] loss = 1.92418, acc = 0.33673 -> best
[ Train | 002/200 ] loss = 1.89388, acc = 0.34087
[ Valid | 002/200 ] loss = 1.80216, acc = 0.38863 -> best
[ Train | 003/200 ] loss = 1.82182, acc = 0.37432
[ Valid | 003/200 ] loss = 1.77497, acc = 0.39184 -> best
[ Train | 004/200 ] loss = 1.75364, acc = 0.39560
[ Valid | 004/200 ] loss = 1.68563, acc = 0.42303 -> best
[ Train | 005/200 ] loss = 1.71507, acc = 0.40665
[ Valid | 005/200 ] loss = 1.68234, acc = 0.42245
[ Train | 006/200 ] loss = 1.67062, acc = 0.42753
[ Valid | 006/200 ] loss = 1.68132, acc = 0.39329
[ Train | 007/200 ] loss = 1.64193, acc = 0.43645
[ Valid | 007/200 ] loss = 1.58042, acc = 0.46210 -> best
[ Train | 008/200 ] loss = 1.62035, acc = 0.44040
[ Valid | 008/200 ] loss = 1.62695, acc = 0.41458
[ Train | 009/200 ] loss = 1.58954, acc = 0.46017
[ Valid | 009/200 ] loss = 1.57577, acc = 0.47784 -> best
[ Train | 010/200 ] loss = 1.57545, acc = 0.46432
[ Valid | 010/200 ] loss = 1.53694, acc = 0.46822
[ Train | 011/200 ] loss = 1.54616, acc = 0.47588
[ Valid | 011/200 ] loss = 1.49929, acc = 0.48892 -> best
[ Train | 012/200 ] loss = 1.53480, acc = 0.47638
[ Valid | 012/200 ] loss = 1.51255, acc = 0.50175 -> best
[ Train | 013/200 ] loss = 1.51342, acc = 0.48581
[ Valid | 013/200 ] loss = 1.52573, acc = 0.49271
[ Train | 014/200 ] loss = 1.49304, acc = 0.49736
[ Valid | 014/200 ] loss = 1.48115, acc = 0.49359
[ Train | 015/200 ] loss = 1.47207, acc = 0.50172
[ Valid | 015/200 ] loss = 1.48554, acc = 0.51166 -> best
[ Train | 016/200 ] loss = 1.46370, acc = 0.49797
[ Valid | 016/200 ] loss = 1.45393, acc = 0.49155
[ Train | 017/200 ] loss = 1.44306, acc = 0.51358
[ Valid | 017/200 ] loss = 1.37574, acc = 0.54694 -> best
[ Train | 018/200 ] loss = 1.43073, acc = 0.51510
[ Valid | 018/200 ] loss = 1.46899, acc = 0.48542
[ Train | 019/200 ] loss = 1.41024, acc = 0.51956
[ Valid | 019/200 ] loss = 1.44205, acc = 0.50991
[ Train | 020/200 ] loss = 1.39684, acc = 0.52818
[ Valid | 020/200 ] loss = 1.37312, acc = 0.53149
[ Train | 021/200 ] loss = 1.37570, acc = 0.53274
[ Valid | 021/200 ] loss = 1.37852, acc = 0.52595
[ Train | 022/200 ] loss = 1.36350, acc = 0.54510
[ Valid | 022/200 ] loss = 1.35471, acc = 0.53003
[ Train | 023/200 ] loss = 1.35397, acc = 0.54865
[ Valid | 023/200 ] loss = 1.36738, acc = 0.54198
[ Train | 024/200 ] loss = 1.34246, acc = 0.55027
[ Valid | 024/200 ] loss = 1.44634, acc = 0.50000
[ Train | 025/200 ] loss = 1.33535, acc = 0.54926
[ Valid | 025/200 ] loss = 1.32974, acc = 0.54519
[ Train | 026/200 ] loss = 1.32135, acc = 0.55605
[ Valid | 026/200 ] loss = 1.30771, acc = 0.56676 -> best
[ Train | 027/200 ] loss = 1.31405, acc = 0.56274
[ Valid | 027/200 ] loss = 1.27652, acc = 0.57493 -> best
[ Train | 028/200 ] loss = 1.30045, acc = 0.56000
[ Valid | 028/200 ] loss = 1.25800, acc = 0.58047 -> best
[ Train | 029/200 ] loss = 1.29473, acc = 0.56821
[ Valid | 029/200 ] loss = 1.37902, acc = 0.53032
[ Train | 030/200 ] loss = 1.26941, acc = 0.57602
[ Valid | 030/200 ] loss = 1.44860, acc = 0.51224
[ Train | 031/200 ] loss = 1.25164, acc = 0.57541
[ Valid | 031/200 ] loss = 1.34508, acc = 0.54461
[ Train | 032/200 ] loss = 1.25130, acc = 0.58068
[ Valid | 032/200 ] loss = 1.47715, acc = 0.51458
[ Train | 033/200 ] loss = 1.25095, acc = 0.57703
[ Valid | 033/200 ] loss = 1.26808, acc = 0.58863 -> best
[ Train | 034/200 ] loss = 1.24035, acc = 0.58666
[ Valid | 034/200 ] loss = 1.44560, acc = 0.50554
[ Train | 035/200 ] loss = 1.22788, acc = 0.58889
[ Valid | 035/200 ] loss = 1.42446, acc = 0.50321
[ Train | 036/200 ] loss = 1.20915, acc = 0.59457
[ Valid | 036/200 ] loss = 1.33956, acc = 0.55481
[ Train | 037/200 ] loss = 1.21382, acc = 0.59102
[ Valid | 037/200 ] loss = 1.18951, acc = 0.62041 -> best
[ Train | 038/200 ] loss = 1.20796, acc = 0.59659
[ Valid | 038/200 ] loss = 1.21718, acc = 0.58455
[ Train | 039/200 ] loss = 1.19253, acc = 0.60075
[ Valid | 039/200 ] loss = 1.16830, acc = 0.61224
[ Train | 040/200 ] loss = 1.18828, acc = 0.60379
[ Valid | 040/200 ] loss = 1.12574, acc = 0.63061 -> best
[ Train | 041/200 ] loss = 1.18744, acc = 0.60126
[ Valid | 041/200 ] loss = 1.32008, acc = 0.55044
[ Train | 042/200 ] loss = 1.17771, acc = 0.60845
[ Valid | 042/200 ] loss = 1.19847, acc = 0.61545
[ Train | 043/200 ] loss = 1.16529, acc = 0.61078
[ Valid | 043/200 ] loss = 1.32920, acc = 0.54169
[ Train | 044/200 ] loss = 1.16167, acc = 0.61230
[ Valid | 044/200 ] loss = 1.35967, acc = 0.52624
[ Train | 045/200 ] loss = 1.15618, acc = 0.61758
[ Valid | 045/200 ] loss = 1.18420, acc = 0.60962
[ Train | 046/200 ] loss = 1.14578, acc = 0.61687
[ Valid | 046/200 ] loss = 1.23185, acc = 0.59738
[ Train | 047/200 ] loss = 1.13588, acc = 0.62122
[ Valid | 047/200 ] loss = 1.38775, acc = 0.51691
[ Train | 048/200 ] loss = 1.13568, acc = 0.62041
[ Valid | 048/200 ] loss = 1.11158, acc = 0.63761 -> best
[ Train | 049/200 ] loss = 1.13335, acc = 0.62143
[ Valid | 049/200 ] loss = 1.12790, acc = 0.62945
[ Train | 050/200 ] loss = 1.12077, acc = 0.62437
[ Valid | 050/200 ] loss = 1.14751, acc = 0.61662
[ Train | 051/200 ] loss = 1.10633, acc = 0.62791
[ Valid | 051/200 ] loss = 1.32084, acc = 0.56968
[ Train | 052/200 ] loss = 1.11604, acc = 0.62639
[ Valid | 052/200 ] loss = 1.21091, acc = 0.58601
[ Train | 053/200 ] loss = 1.09046, acc = 0.63410
[ Valid | 053/200 ] loss = 1.09260, acc = 0.63294
[ Train | 054/200 ] loss = 1.09091, acc = 0.63998
[ Valid | 054/200 ] loss = 1.08586, acc = 0.64257 -> best
[ Train | 055/200 ] loss = 1.09257, acc = 0.64058
[ Valid | 055/200 ] loss = 1.28245, acc = 0.58047
[ Train | 056/200 ] loss = 1.08759, acc = 0.64170
[ Valid | 056/200 ] loss = 1.23324, acc = 0.57813
[ Train | 057/200 ] loss = 1.07972, acc = 0.63866
[ Valid | 057/200 ] loss = 1.38134, acc = 0.53644
[ Train | 058/200 ] loss = 1.08441, acc = 0.64048
[ Valid | 058/200 ] loss = 1.18187, acc = 0.60437
[ Train | 059/200 ] loss = 1.07231, acc = 0.64373
[ Valid | 059/200 ] loss = 1.15499, acc = 0.63061
[ Train | 060/200 ] loss = 1.06217, acc = 0.64606
[ Valid | 060/200 ] loss = 1.25376, acc = 0.58980
[ Train | 061/200 ] loss = 1.06877, acc = 0.64474
[ Valid | 061/200 ] loss = 1.17331, acc = 0.62828
[ Train | 062/200 ] loss = 1.06499, acc = 0.63866
[ Valid | 062/200 ] loss = 1.04487, acc = 0.65918 -> best
[ Train | 063/200 ] loss = 1.06495, acc = 0.64454
[ Valid | 063/200 ] loss = 1.13825, acc = 0.63178
[ Train | 064/200 ] loss = 1.05370, acc = 0.65062
[ Valid | 064/200 ] loss = 1.02115, acc = 0.65802
[ Train | 065/200 ] loss = 1.04908, acc = 0.65538
[ Valid | 065/200 ] loss = 1.19718, acc = 0.61837
[ Train | 066/200 ] loss = 1.04360, acc = 0.65548
[ Valid | 066/200 ] loss = 1.24500, acc = 0.61399
[ Train | 067/200 ] loss = 1.03205, acc = 0.65842
[ Valid | 067/200 ] loss = 1.18082, acc = 0.61224
[ Train | 068/200 ] loss = 1.03288, acc = 0.65062
[ Valid | 068/200 ] loss = 1.09651, acc = 0.64606
[ Train | 069/200 ] loss = 1.03343, acc = 0.65863
[ Valid | 069/200 ] loss = 1.02272, acc = 0.66939 -> best
[ Train | 070/200 ] loss = 1.01546, acc = 0.65994
[ Valid | 070/200 ] loss = 1.20295, acc = 0.60671
[ Train | 071/200 ] loss = 1.03201, acc = 0.65558
[ Valid | 071/200 ] loss = 1.28119, acc = 0.60175
[ Train | 072/200 ] loss = 1.01689, acc = 0.66491
[ Valid | 072/200 ] loss = 1.06504, acc = 0.64344
[ Train | 073/200 ] loss = 1.00486, acc = 0.66440
[ Valid | 073/200 ] loss = 1.10256, acc = 0.64169
[ Train | 074/200 ] loss = 1.01499, acc = 0.66319
[ Valid | 074/200 ] loss = 1.15989, acc = 0.61429
[ Train | 075/200 ] loss = 1.00664, acc = 0.66329
[ Valid | 075/200 ] loss = 1.24571, acc = 0.58280
[ Train | 076/200 ] loss = 1.00290, acc = 0.66785
[ Valid | 076/200 ] loss = 1.06446, acc = 0.64169
[ Train | 077/200 ] loss = 0.98725, acc = 0.67667
[ Valid | 077/200 ] loss = 1.15854, acc = 0.61545
[ Train | 078/200 ] loss = 1.01188, acc = 0.66430
[ Valid | 078/200 ] loss = 1.04403, acc = 0.64723
[ Train | 079/200 ] loss = 0.98778, acc = 0.67738
[ Valid | 079/200 ] loss = 1.06183, acc = 0.66006
[ Train | 080/200 ] loss = 0.99004, acc = 0.67657
[ Valid | 080/200 ] loss = 1.09002, acc = 0.64140
[ Train | 081/200 ] loss = 0.98363, acc = 0.67616
[ Valid | 081/200 ] loss = 1.09257, acc = 0.62886
[ Train | 082/200 ] loss = 0.98047, acc = 0.67302
[ Valid | 082/200 ] loss = 1.03780, acc = 0.66793
[ Train | 083/200 ] loss = 0.97082, acc = 0.67677
[ Valid | 083/200 ] loss = 0.99397, acc = 0.68047 -> best
[ Train | 084/200 ] loss = 0.98235, acc = 0.67636
[ Valid | 084/200 ] loss = 1.16277, acc = 0.61749
[ Train | 085/200 ] loss = 0.97801, acc = 0.68194
[ Valid | 085/200 ] loss = 1.08397, acc = 0.64840
[ Train | 086/200 ] loss = 0.97899, acc = 0.67636
[ Valid | 086/200 ] loss = 1.19396, acc = 0.60991
[ Train | 087/200 ] loss = 0.97130, acc = 0.68153
[ Valid | 087/200 ] loss = 0.97945, acc = 0.68484 -> best
[ Train | 088/200 ] loss = 0.96737, acc = 0.68072
[ Valid | 088/200 ] loss = 1.08296, acc = 0.65131
[ Train | 089/200 ] loss = 0.96028, acc = 0.68437
[ Valid | 089/200 ] loss = 1.07075, acc = 0.65802
[ Train | 090/200 ] loss = 0.95774, acc = 0.68447
[ Valid | 090/200 ] loss = 1.06372, acc = 0.66239
[ Train | 091/200 ] loss = 0.95807, acc = 0.68538
[ Valid | 091/200 ] loss = 1.07230, acc = 0.64606
[ Train | 092/200 ] loss = 0.94102, acc = 0.69288
[ Valid | 092/200 ] loss = 1.13688, acc = 0.63324
[ Train | 093/200 ] loss = 0.94021, acc = 0.69603
[ Valid | 093/200 ] loss = 1.06114, acc = 0.65510
[ Train | 094/200 ] loss = 0.95476, acc = 0.68133
[ Valid | 094/200 ] loss = 1.37802, acc = 0.53061
[ Train | 095/200 ] loss = 0.95048, acc = 0.69055
[ Valid | 095/200 ] loss = 1.06639, acc = 0.65714
[ Train | 096/200 ] loss = 0.93884, acc = 0.69177
[ Valid | 096/200 ] loss = 1.00673, acc = 0.67843
[ Train | 097/200 ] loss = 0.94438, acc = 0.69278
[ Valid | 097/200 ] loss = 1.03578, acc = 0.66531
[ Train | 098/200 ] loss = 0.93163, acc = 0.69187
[ Valid | 098/200 ] loss = 1.13644, acc = 0.59038
[ Train | 099/200 ] loss = 0.92942, acc = 0.69400
[ Valid | 099/200 ] loss = 1.03510, acc = 0.66676
[ Train | 100/200 ] loss = 0.93509, acc = 0.69116
[ Valid | 100/200 ] loss = 1.00472, acc = 0.66997
[ Train | 101/200 ] loss = 0.92561, acc = 0.69846
[ Valid | 101/200 ] loss = 1.40931, acc = 0.51254
[ Train | 102/200 ] loss = 0.92932, acc = 0.69380
[ Valid | 102/200 ] loss = 1.37341, acc = 0.55423
[ Train | 103/200 ] loss = 0.92469, acc = 0.69390
[ Valid | 103/200 ] loss = 0.95524, acc = 0.68222
[ Train | 104/200 ] loss = 0.91258, acc = 0.69552
[ Valid | 104/200 ] loss = 1.05171, acc = 0.67580
[ Train | 105/200 ] loss = 0.92444, acc = 0.69430
[ Valid | 105/200 ] loss = 1.15868, acc = 0.60058
[ Train | 106/200 ] loss = 0.91567, acc = 0.69957
[ Valid | 106/200 ] loss = 1.00901, acc = 0.66297
[ Train | 107/200 ] loss = 0.91302, acc = 0.69745
[ Valid | 107/200 ] loss = 0.99697, acc = 0.67901
[ Train | 108/200 ] loss = 0.90779, acc = 0.70251
[ Valid | 108/200 ] loss = 1.01344, acc = 0.66735
[ Train | 109/200 ] loss = 0.90568, acc = 0.69704
[ Valid | 109/200 ] loss = 1.02466, acc = 0.66735
[ Train | 110/200 ] loss = 0.90977, acc = 0.70140
[ Valid | 110/200 ] loss = 1.15046, acc = 0.62362
[ Train | 111/200 ] loss = 0.89471, acc = 0.70566
[ Valid | 111/200 ] loss = 0.99506, acc = 0.68367
[ Train | 112/200 ] loss = 0.90158, acc = 0.70383
[ Valid | 112/200 ] loss = 1.24021, acc = 0.59446
[ Train | 113/200 ] loss = 0.89487, acc = 0.70383
[ Valid | 113/200 ] loss = 0.97576, acc = 0.68192
[ Train | 114/200 ] loss = 0.90053, acc = 0.70566
[ Valid | 114/200 ] loss = 0.97611, acc = 0.69388 -> best
[ Train | 115/200 ] loss = 0.89807, acc = 0.70555
[ Valid | 115/200 ] loss = 1.01779, acc = 0.66531
[ Train | 116/200 ] loss = 0.89353, acc = 0.70738
[ Valid | 116/200 ] loss = 1.17868, acc = 0.60845
[ Train | 117/200 ] loss = 0.89193, acc = 0.70738
[ Valid | 117/200 ] loss = 1.07560, acc = 0.65248
[ Train | 118/200 ] loss = 0.88782, acc = 0.70647
[ Valid | 118/200 ] loss = 1.17256, acc = 0.61487
[ Train | 119/200 ] loss = 0.89373, acc = 0.70555
[ Valid | 119/200 ] loss = 1.37416, acc = 0.56560
[ Train | 120/200 ] loss = 0.88456, acc = 0.71072
[ Valid | 120/200 ] loss = 0.99402, acc = 0.68192
[ Train | 121/200 ] loss = 0.88019, acc = 0.70991
[ Valid | 121/200 ] loss = 1.10285, acc = 0.63294
[ Train | 122/200 ] loss = 0.87210, acc = 0.71275
[ Valid | 122/200 ] loss = 1.00886, acc = 0.67376
[ Train | 123/200 ] loss = 0.87680, acc = 0.71265
[ Valid | 123/200 ] loss = 1.07061, acc = 0.64898
[ Train | 124/200 ] loss = 0.87385, acc = 0.71133
[ Valid | 124/200 ] loss = 0.94797, acc = 0.69359
[ Train | 125/200 ] loss = 0.88071, acc = 0.71093
[ Valid | 125/200 ] loss = 1.22465, acc = 0.59708
[ Train | 126/200 ] loss = 0.86704, acc = 0.71437
[ Valid | 126/200 ] loss = 1.05342, acc = 0.66356
[ Train | 127/200 ] loss = 0.86265, acc = 0.71528
[ Valid | 127/200 ] loss = 1.15205, acc = 0.62536
[ Train | 128/200 ] loss = 0.86469, acc = 0.71346
[ Valid | 128/200 ] loss = 1.01406, acc = 0.67901
[ Train | 129/200 ] loss = 0.86004, acc = 0.71954
[ Valid | 129/200 ] loss = 0.97757, acc = 0.69184
[ Train | 130/200 ] loss = 0.86096, acc = 0.71904
[ Valid | 130/200 ] loss = 0.99880, acc = 0.67930
[ Train | 131/200 ] loss = 0.86989, acc = 0.71133
[ Valid | 131/200 ] loss = 1.06889, acc = 0.64286
[ Train | 132/200 ] loss = 0.86566, acc = 0.71873
[ Valid | 132/200 ] loss = 1.03274, acc = 0.67522
[ Train | 133/200 ] loss = 0.84964, acc = 0.72157
[ Valid | 133/200 ] loss = 0.95858, acc = 0.69621 -> best
[ Train | 134/200 ] loss = 0.85527, acc = 0.71853
[ Valid | 134/200 ] loss = 1.04074, acc = 0.65773
[ Train | 135/200 ] loss = 0.84907, acc = 0.71964
[ Valid | 135/200 ] loss = 1.00786, acc = 0.67493
[ Train | 136/200 ] loss = 0.85132, acc = 0.71670
[ Valid | 136/200 ] loss = 1.20489, acc = 0.62362
[ Train | 137/200 ] loss = 0.85648, acc = 0.71883
[ Valid | 137/200 ] loss = 1.05721, acc = 0.64781
[ Train | 138/200 ] loss = 0.84673, acc = 0.72400
[ Valid | 138/200 ] loss = 1.32156, acc = 0.59242
[ Train | 139/200 ] loss = 0.84610, acc = 0.71711
[ Valid | 139/200 ] loss = 1.12305, acc = 0.63061
[ Train | 140/200 ] loss = 0.85400, acc = 0.71904
[ Valid | 140/200 ] loss = 0.96242, acc = 0.69329
[ Train | 141/200 ] loss = 0.83315, acc = 0.72390
[ Valid | 141/200 ] loss = 1.23126, acc = 0.61137
[ Train | 142/200 ] loss = 0.84488, acc = 0.72431
[ Valid | 142/200 ] loss = 1.04703, acc = 0.66122
[ Train | 143/200 ] loss = 0.84383, acc = 0.72603
[ Valid | 143/200 ] loss = 0.95527, acc = 0.69242
[ Train | 144/200 ] loss = 0.83888, acc = 0.72461
[ Valid | 144/200 ] loss = 1.06717, acc = 0.65539
[ Train | 145/200 ] loss = 0.82872, acc = 0.72410
[ Valid | 145/200 ] loss = 0.95759, acc = 0.69621
[ Train | 146/200 ] loss = 0.82917, acc = 0.72785
[ Valid | 146/200 ] loss = 0.92520, acc = 0.70175 -> best
[ Train | 147/200 ] loss = 0.83246, acc = 0.71822
[ Valid | 147/200 ] loss = 1.01205, acc = 0.67813
[ Train | 148/200 ] loss = 0.82611, acc = 0.72481
[ Valid | 148/200 ] loss = 0.94283, acc = 0.68776
[ Train | 149/200 ] loss = 0.82963, acc = 0.72623
[ Valid | 149/200 ] loss = 0.97535, acc = 0.70262 -> best
[ Train | 150/200 ] loss = 0.82625, acc = 0.72410
[ Valid | 150/200 ] loss = 1.18861, acc = 0.62770
[ Train | 151/200 ] loss = 0.82599, acc = 0.72846
[ Valid | 151/200 ] loss = 0.99633, acc = 0.67843
[ Train | 152/200 ] loss = 0.82618, acc = 0.72836
[ Valid | 152/200 ] loss = 1.05189, acc = 0.66210
[ Train | 153/200 ] loss = 0.82832, acc = 0.72836
[ Valid | 153/200 ] loss = 1.08846, acc = 0.65364
[ Train | 154/200 ] loss = 0.80903, acc = 0.73637
[ Valid | 154/200 ] loss = 0.91071, acc = 0.70875 -> best
[ Train | 155/200 ] loss = 0.81487, acc = 0.73515
[ Valid | 155/200 ] loss = 1.04845, acc = 0.67230
[ Train | 156/200 ] loss = 0.81506, acc = 0.72887
[ Valid | 156/200 ] loss = 1.12619, acc = 0.64082
[ Train | 157/200 ] loss = 0.81876, acc = 0.73160
[ Valid | 157/200 ] loss = 0.98668, acc = 0.68513
[ Train | 158/200 ] loss = 0.80856, acc = 0.73687
[ Valid | 158/200 ] loss = 1.14670, acc = 0.62945
[ Train | 159/200 ] loss = 0.81064, acc = 0.73100
[ Valid | 159/200 ] loss = 0.97522, acc = 0.68222
[ Train | 160/200 ] loss = 0.81236, acc = 0.72562
[ Valid | 160/200 ] loss = 1.19633, acc = 0.61341
[ Train | 161/200 ] loss = 0.80207, acc = 0.73231
[ Valid | 161/200 ] loss = 1.01834, acc = 0.67318
[ Train | 162/200 ] loss = 0.79817, acc = 0.73586
[ Valid | 162/200 ] loss = 1.23341, acc = 0.60496
[ Train | 163/200 ] loss = 0.81530, acc = 0.73130
[ Valid | 163/200 ] loss = 1.37406, acc = 0.57755
[ Train | 164/200 ] loss = 0.80322, acc = 0.73718
[ Valid | 164/200 ] loss = 0.89737, acc = 0.72187 -> best
[ Train | 165/200 ] loss = 0.80731, acc = 0.73343
[ Valid | 165/200 ] loss = 0.95067, acc = 0.69738
[ Train | 166/200 ] loss = 0.80001, acc = 0.73323
[ Valid | 166/200 ] loss = 1.16106, acc = 0.61837
[ Train | 167/200 ] loss = 0.80432, acc = 0.73424
[ Valid | 167/200 ] loss = 1.06260, acc = 0.66589
[ Train | 168/200 ] loss = 0.79618, acc = 0.73718
[ Valid | 168/200 ] loss = 1.08292, acc = 0.65627
[ Train | 169/200 ] loss = 0.79784, acc = 0.73343
[ Valid | 169/200 ] loss = 0.96509, acc = 0.69913
[ Train | 170/200 ] loss = 0.80274, acc = 0.73687
[ Valid | 170/200 ] loss = 0.91450, acc = 0.70175
[ Train | 171/200 ] loss = 0.79306, acc = 0.74255
[ Valid | 171/200 ] loss = 0.96093, acc = 0.70087
[ Train | 172/200 ] loss = 0.79367, acc = 0.73921
[ Valid | 172/200 ] loss = 0.99908, acc = 0.68076
[ Train | 173/200 ] loss = 0.78955, acc = 0.73910
[ Valid | 173/200 ] loss = 0.97438, acc = 0.68950
[ Train | 174/200 ] loss = 0.79014, acc = 0.74032
[ Valid | 174/200 ] loss = 0.98906, acc = 0.69475
[ Train | 175/200 ] loss = 0.78621, acc = 0.73779
[ Valid | 175/200 ] loss = 1.01226, acc = 0.68426
[ Train | 176/200 ] loss = 0.78215, acc = 0.74235
[ Valid | 176/200 ] loss = 0.94225, acc = 0.70525
[ Train | 177/200 ] loss = 0.78042, acc = 0.73880
[ Valid | 177/200 ] loss = 1.04598, acc = 0.65627
[ Train | 178/200 ] loss = 0.77289, acc = 0.74387
[ Valid | 178/200 ] loss = 0.93716, acc = 0.69796
[ Train | 179/200 ] loss = 0.78511, acc = 0.74083
[ Valid | 179/200 ] loss = 0.98783, acc = 0.68309
[ Train | 180/200 ] loss = 0.78203, acc = 0.73900
[ Valid | 180/200 ] loss = 1.20002, acc = 0.64431
[ Train | 181/200 ] loss = 0.77305, acc = 0.74914
[ Valid | 181/200 ] loss = 1.03964, acc = 0.66851
[ Train | 182/200 ] loss = 0.77420, acc = 0.74387
[ Valid | 182/200 ] loss = 0.98063, acc = 0.67930
[ Train | 183/200 ] loss = 0.77689, acc = 0.74164
[ Valid | 183/200 ] loss = 1.07292, acc = 0.68163
[ Train | 184/200 ] loss = 0.77847, acc = 0.74610
[ Valid | 184/200 ] loss = 1.15182, acc = 0.65773
[ Train | 185/200 ] loss = 0.77778, acc = 0.74346
[ Valid | 185/200 ] loss = 1.14836, acc = 0.63557
[ Train | 186/200 ] loss = 0.77980, acc = 0.74204
[ Valid | 186/200 ] loss = 0.95639, acc = 0.69796
[ Train | 187/200 ] loss = 0.76880, acc = 0.74113
[ Valid | 187/200 ] loss = 0.89467, acc = 0.70933
[ Train | 188/200 ] loss = 0.77267, acc = 0.74326
[ Valid | 188/200 ] loss = 0.93855, acc = 0.70321
[ Train | 189/200 ] loss = 0.75888, acc = 0.74579
[ Valid | 189/200 ] loss = 0.91045, acc = 0.70379
[ Train | 190/200 ] loss = 0.77509, acc = 0.74620
[ Valid | 190/200 ] loss = 1.05381, acc = 0.67580
[ Train | 191/200 ] loss = 0.76732, acc = 0.74833
[ Valid | 191/200 ] loss = 0.86302, acc = 0.71924
[ Train | 192/200 ] loss = 0.76422, acc = 0.75350
[ Valid | 192/200 ] loss = 1.15668, acc = 0.65802
[ Train | 193/200 ] loss = 0.76944, acc = 0.74569
[ Valid | 193/200 ] loss = 0.98078, acc = 0.69679
[ Train | 194/200 ] loss = 0.76713, acc = 0.74214
[ Valid | 194/200 ] loss = 0.84077, acc = 0.73411 -> best
[ Train | 195/200 ] loss = 0.75239, acc = 0.75390
[ Valid | 195/200 ] loss = 1.04396, acc = 0.66618
[ Train | 196/200 ] loss = 0.75747, acc = 0.74944
[ Valid | 196/200 ] loss = 0.93701, acc = 0.70408
[ Train | 197/200 ] loss = 0.75142, acc = 0.75360
[ Valid | 197/200 ] loss = 0.89084, acc = 0.71312
[ Train | 198/200 ] loss = 0.75745, acc = 0.75319
[ Valid | 198/200 ] loss = 0.96198, acc = 0.69534
[ Train | 199/200 ] loss = 0.75634, acc = 0.75056
[ Valid | 199/200 ] loss = 0.97125, acc = 0.69184
[ Train | 200/200 ] loss = 0.75885, acc = 0.74437
[ Valid | 200/200 ] loss = 1.00295, acc = 0.68367
B200_sample_ce: best valid acc 0.73411 at epoch 194, 3251.8 s
