B200_mbv2_ce: Total params: 96,651
[ Train | 001/200 ] loss = 2.10618, acc = 0.25451
[ Valid | 001/200 ] loss = 1.90296, acc = 0.33324 -> best
[ Train | 002/200 ] loss = 1.88712, acc = 0.33702
[ Valid | 002/200 ] loss = 1.77617, acc = 0.39271 -> best
[ Train | 003/200 ] loss = 1.80247, acc = 0.37320
[ Valid | 003/200 ] loss = 1.75308, acc = 0.40233 -> best
[ Train | 004/200 ] loss = 1.75036, acc = 0.38212
[ Valid | 004/200 ] loss = 1.69092, acc = 0.42974 -> best
[ Train | 005/200 ] loss = 1.69607, acc = 0.41050
[ Valid | 005/200 ] loss = 1.63484, acc = 0.44023 -> best
[ Train | 006/200 ] loss = 1.65222, acc = 0.41851
[ Valid | 006/200 ] loss = 1.56779, acc = 0.46676 -> best
[ Train | 007/200 ] loss = 1.60350, acc = 0.44577
[ Valid | 007/200 ] loss = 1.59435, acc = 0.46501
[ Train | 008/200 ] loss = 1.56187, acc = 0.45966
[ Valid | 008/200 ] loss = 1.52518, acc = 0.48280 -> best
[ Train | 009/200 ] loss = 1.52814, acc = 0.47273
[ Valid | 009/200 ] loss = 1.47251, acc = 0.50350 -> best
[ Train | 010/200 ] loss = 1.50502, acc = 0.48176
[ Valid | 010/200 ] loss = 1.39445, acc = 0.53294 -> best
[ Train | 011/200 ] loss = 1.46358, acc = 0.49503
[ Valid | 011/200 ] loss = 1.37620, acc = 0.53557 -> best
[ Train | 012/200 ] loss = 1.43837, acc = 0.49848
[ Valid | 012/200 ] loss = 1.33207, acc = 0.55102 -> best
[ Train | 013/200 ] loss = 1.40548, acc = 0.51885
[ Valid | 013/200 ] loss = 1.32322, acc = 0.55743 -> best
[ Train | 014/200 ] loss = 1.37787, acc = 0.52686
[ Valid | 014/200 ] loss = 1.38157, acc = 0.52478
[ Train | 015/200 ] loss = 1.35730, acc = 0.53669
[ Valid | 015/200 ] loss = 1.31411, acc = 0.56706 -> best
[ Train | 016/200 ] loss = 1.32846, acc = 0.54531
[ Valid | 016/200 ] loss = 1.30003, acc = 0.56472
[ Train | 017/200 ] loss = 1.31511, acc = 0.54419
[ Valid | 017/200 ] loss = 1.26935, acc = 0.58134 -> best
[ Train | 018/200 ] loss = 1.28672, acc = 0.55575
[ Valid | 018/200 ] loss = 1.21987, acc = 0.58455 -> best
[ Train | 019/200 ] loss = 1.26235, acc = 0.56690
[ Valid | 019/200 ] loss = 1.23824, acc = 0.58980 -> best
[ Train | 020/200 ] loss = 1.25480, acc = 0.56801
[ Valid | 020/200 ] loss = 1.17801, acc = 0.60175 -> best
[ Train | 021/200 ] loss = 1.22814, acc = 0.57835
[ Valid | 021/200 ] loss = 1.18781, acc = 0.59854
[ Train | 022/200 ] loss = 1.21867, acc = 0.57957
[ Valid | 022/200 ] loss = 1.15852, acc = 0.61487 -> best
[ Train | 023/200 ] loss = 1.19233, acc = 0.59234
[ Valid | 023/200 ] loss = 1.18109, acc = 0.59942
[ Train | 024/200 ] loss = 1.17417, acc = 0.59132
[ Valid | 024/200 ] loss = 1.14434, acc = 0.60962
[ Train | 025/200 ] loss = 1.17553, acc = 0.59974
[ Valid | 025/200 ] loss = 1.13329, acc = 0.62653 -> best
[ Train | 026/200 ] loss = 1.14358, acc = 0.60511
[ Valid | 026/200 ] loss = 1.15722, acc = 0.61866
[ Train | 027/200 ] loss = 1.13525, acc = 0.60774
[ Valid | 027/200 ] loss = 1.11060, acc = 0.61224
[ Train | 028/200 ] loss = 1.11285, acc = 0.62062
[ Valid | 028/200 ] loss = 1.12882, acc = 0.61370
[ Train | 029/200 ] loss = 1.11700, acc = 0.61991
[ Valid | 029/200 ] loss = 1.07604, acc = 0.63207 -> best
[ Train | 030/200 ] loss = 1.09714, acc = 0.62092
[ Valid | 030/200 ] loss = 1.05949, acc = 0.64315 -> best
[ Train | 031/200 ] loss = 1.08588, acc = 0.62852
[ Valid | 031/200 ] loss = 1.07404, acc = 0.63003
[ Train | 032/200 ] loss = 1.06632, acc = 0.63754
[ Valid | 032/200 ] loss = 1.06397, acc = 0.64023
[ Train | 033/200 ] loss = 1.06336, acc = 0.63663
[ Valid | 033/200 ] loss = 1.05101, acc = 0.63557
[ Train | 034/200 ] loss = 1.05227, acc = 0.63552
[ Valid | 034/200 ] loss = 1.00482, acc = 0.66152 -> best
[ Train | 035/200 ] loss = 1.02476, acc = 0.64636
[ Valid | 035/200 ] loss = 1.02864, acc = 0.64636
[ Train | 036/200 ] loss = 1.02209, acc = 0.65457
[ Valid | 036/200 ] loss = 0.99709, acc = 0.65423
[ Train | 037/200 ] loss = 1.00895, acc = 0.65944
[ Valid | 037/200 ] loss = 1.11156, acc = 0.62741
[ Train | 038/200 ] loss = 1.00409, acc = 0.65984
[ Valid | 038/200 ] loss = 1.08467, acc = 0.63790
[ Train | 039/200 ] loss = 0.99341, acc = 0.66440
[ Valid | 039/200 ] loss = 0.96107, acc = 0.67668 -> best
[ Train | 040/200 ] loss = 0.97630, acc = 0.66886
[ Valid | 040/200 ] loss = 1.01046, acc = 0.65918
[ Train | 041/200 ] loss = 0.97738, acc = 0.66156
[ Valid | 041/200 ] loss = 1.03917, acc = 0.66327
[ Train | 042/200 ] loss = 0.95670, acc = 0.67434
[ Valid | 042/200 ] loss = 0.95311, acc = 0.68601 -> best
[ Train | 043/200 ] loss = 0.94557, acc = 0.67677
[ Valid | 043/200 ] loss = 0.97725, acc = 0.67114
[ Train | 044/200 ] loss = 0.93978, acc = 0.67809
[ Valid | 044/200 ] loss = 0.96785, acc = 0.67318
[ Train | 045/200 ] loss = 0.92617, acc = 0.68559
[ Valid | 045/200 ] loss = 0.94227, acc = 0.68396
[ Train | 046/200 ] loss = 0.92535, acc = 0.68356
[ Valid | 046/200 ] loss = 0.95362, acc = 0.68717 -> best
[ Train | 047/200 ] loss = 0.91276, acc = 0.68853
[ Valid | 047/200 ] loss = 0.92945, acc = 0.68659
[ Train | 048/200 ] loss = 0.90366, acc = 0.69228
[ Valid | 048/200 ] loss = 0.98832, acc = 0.68396
[ Train | 049/200 ] loss = 0.87831, acc = 0.70069
[ Valid | 049/200 ] loss = 0.92767, acc = 0.69475 -> best
[ Train | 050/200 ] loss = 0.88067, acc = 0.70099
[ Valid | 050/200 ] loss = 0.95725, acc = 0.67901
[ Train | 051/200 ] loss = 0.88414, acc = 0.69734
[ Valid | 051/200 ] loss = 0.92982, acc = 0.69125
[ Train | 052/200 ] loss = 0.87100, acc = 0.70424
[ Valid | 052/200 ] loss = 0.95847, acc = 0.67230
[ Train | 053/200 ] loss = 0.86352, acc = 0.70515
[ Valid | 053/200 ] loss = 0.89225, acc = 0.70466 -> best
[ Train | 054/200 ] loss = 0.85576, acc = 0.71458
[ Valid | 054/200 ] loss = 0.93640, acc = 0.69213
[ Train | 055/200 ] loss = 0.84747, acc = 0.71164
[ Valid | 055/200 ] loss = 0.86351, acc = 0.71458 -> best
[ Train | 056/200 ] loss = 0.82566, acc = 0.71985
[ Valid | 056/200 ] loss = 0.94445, acc = 0.68222
[ Train | 057/200 ] loss = 0.82565, acc = 0.72056
[ Valid | 057/200 ] loss = 0.88278, acc = 0.70904
[ Train | 058/200 ] loss = 0.82098, acc = 0.71782
[ Valid | 058/200 ] loss = 0.89162, acc = 0.71429
[ Train | 059/200 ] loss = 0.81494, acc = 0.72532
[ Valid | 059/200 ] loss = 0.91481, acc = 0.70146
[ Train | 060/200 ] loss = 0.80578, acc = 0.72775
[ Valid | 060/200 ] loss = 0.84280, acc = 0.72362 -> best
[ Train | 061/200 ] loss = 0.79213, acc = 0.73140
[ Valid | 061/200 ] loss = 0.81659, acc = 0.73120 -> best
[ Train | 062/200 ] loss = 0.79138, acc = 0.73120
[ Valid | 062/200 ] loss = 0.82149, acc = 0.73149 -> best
[ Train | 063/200 ] loss = 0.78711, acc = 0.72947
[ Valid | 063/200 ] loss = 0.88286, acc = 0.71720
[ Train | 064/200 ] loss = 0.78309, acc = 0.73515
[ Valid | 064/200 ] loss = 0.83653, acc = 0.73032
[ Train | 065/200 ] loss = 0.76786, acc = 0.73971
[ Valid | 065/200 ] loss = 0.87686, acc = 0.71195
[ Train | 066/200 ] loss = 0.77748, acc = 0.73323
[ Valid | 066/200 ] loss = 0.91715, acc = 0.70758
[ Train | 067/200 ] loss = 0.75610, acc = 0.74306
[ Valid | 067/200 ] loss = 0.82208, acc = 0.73236 -> best
[ Train | 068/200 ] loss = 0.75342, acc = 0.74255
[ Valid | 068/200 ] loss = 0.83619, acc = 0.72157
[ Train | 069/200 ] loss = 0.73541, acc = 0.75167
[ Valid | 069/200 ] loss = 0.80166, acc = 0.73673 -> best
[ Train | 070/200 ] loss = 0.73962, acc = 0.74711
[ Valid | 070/200 ] loss = 0.84946, acc = 0.72157
[ Train | 071/200 ] loss = 0.74457, acc = 0.74660
[ Valid | 071/200 ] loss = 0.84535, acc = 0.72420
[ Train | 072/200 ] loss = 0.72483, acc = 0.75725
[ Valid | 072/200 ] loss = 0.82980, acc = 0.72653
[ Train | 073/200 ] loss = 0.71358, acc = 0.76090
[ Valid | 073/200 ] loss = 0.85593, acc = 0.72012
[ Train | 074/200 ] loss = 0.71663, acc = 0.75674
[ Valid | 074/200 ] loss = 0.81080, acc = 0.74023 -> best
[ Train | 075/200 ] loss = 0.70325, acc = 0.75988
[ Valid | 075/200 ] loss = 0.80662, acc = 0.73819
[ Train | 076/200 ] loss = 0.69563, acc = 0.76465
[ Valid | 076/200 ] loss = 0.87356, acc = 0.71487
[ Train | 077/200 ] loss = 0.69016, acc = 0.76576
[ Valid | 077/200 ] loss = 0.80960, acc = 0.72915
[ Train | 078/200 ] loss = 0.70503, acc = 0.76161
[ Valid | 078/200 ] loss = 0.83317, acc = 0.72362
[ Train | 079/200 ] loss = 0.69564, acc = 0.75998
[ Valid | 079/200 ] loss = 0.77944, acc = 0.74869 -> best
[ Train | 080/200 ] loss = 0.69155, acc = 0.76840
[ Valid | 080/200 ] loss = 0.81463, acc = 0.73878
[ Train | 081/200 ] loss = 0.67339, acc = 0.77123
[ Valid | 081/200 ] loss = 0.78906, acc = 0.73907
[ Train | 082/200 ] loss = 0.68443, acc = 0.76536
[ Valid | 082/200 ] loss = 0.77085, acc = 0.75190 -> best
[ Train | 083/200 ] loss = 0.67358, acc = 0.76931
[ Valid | 083/200 ] loss = 0.83448, acc = 0.72624
[ Train | 084/200 ] loss = 0.67071, acc = 0.77448
[ Valid | 084/200 ] loss = 0.82054, acc = 0.73149
[ Train | 085/200 ] loss = 0.66406, acc = 0.77438
[ Valid | 085/200 ] loss = 0.80793, acc = 0.73353
[ Train | 086/200 ] loss = 0.65703, acc = 0.76799
[ Valid | 086/200 ] loss = 0.82273, acc = 0.73003
[ Train | 087/200 ] loss = 0.64378, acc = 0.78573
[ Valid | 087/200 ] loss = 0.81588, acc = 0.73528
[ Train | 088/200 ] loss = 0.65922, acc = 0.77205
[ Valid | 088/200 ] loss = 0.76553, acc = 0.75394 -> best
[ Train | 089/200 ] loss = 0.63661, acc = 0.78350
[ Valid | 089/200 ] loss = 0.80093, acc = 0.73703
[ Train | 090/200 ] loss = 0.63589, acc = 0.78330
[ Valid | 090/200 ] loss = 0.77659, acc = 0.74636
[ Train | 091/200 ] loss = 0.62991, acc = 0.79070
[ Valid | 091/200 ] loss = 0.76737, acc = 0.75743 -> best
[ Train | 092/200 ] loss = 0.62262, acc = 0.78917
[ Valid | 092/200 ] loss = 0.81413, acc = 0.73732
[ Train | 093/200 ] loss = 0.62483, acc = 0.78978
[ Valid | 093/200 ] loss = 0.76556, acc = 0.75044
[ Train | 094/200 ] loss = 0.62562, acc = 0.78928
[ Valid | 094/200 ] loss = 0.74738, acc = 0.76064 -> best
[ Train | 095/200 ] loss = 0.62058, acc = 0.78522
[ Valid | 095/200 ] loss = 0.73879, acc = 0.75714
[ Train | 096/200 ] loss = 0.61548, acc = 0.78887
[ Valid | 096/200 ] loss = 0.76165, acc = 0.75802
[ Train | 097/200 ] loss = 0.61529, acc = 0.79151
[ Valid | 097/200 ] loss = 0.76673, acc = 0.75131
[ Train | 098/200 ] loss = 0.60436, acc = 0.79222
[ Valid | 098/200 ] loss = 0.80292, acc = 0.74227
[ Train | 099/200 ] loss = 0.59126, acc = 0.80266
[ Valid | 099/200 ] loss = 0.77199, acc = 0.76093 -> best
[ Train | 100/200 ] loss = 0.59143, acc = 0.79891
[ Valid | 100/200 ] loss = 0.75921, acc = 0.75306
[ Train | 101/200 ] loss = 0.57985, acc = 0.80114
[ Valid | 101/200 ] loss = 0.76382, acc = 0.76122 -> best
[ Train | 102/200 ] loss = 0.58579, acc = 0.80205
[ Valid | 102/200 ] loss = 0.76839, acc = 0.74519
[ Train | 103/200 ] loss = 0.58828, acc = 0.79850
[ Valid | 103/200 ] loss = 0.73827, acc = 0.76822 -> best
[ Train | 104/200 ] loss = 0.57910, acc = 0.80499
[ Valid | 104/200 ] loss = 0.73866, acc = 0.76356
[ Train | 105/200 ] loss = 0.58061, acc = 0.80641
[ Valid | 105/200 ] loss = 0.73480, acc = 0.76735
[ Train | 106/200 ] loss = 0.57427, acc = 0.80428
[ Valid | 106/200 ] loss = 0.72346, acc = 0.76939 -> best
[ Train | 107/200 ] loss = 0.57615, acc = 0.80357
[ Valid | 107/200 ] loss = 0.74754, acc = 0.76443
[ Train | 108/200 ] loss = 0.56329, acc = 0.80975
[ Valid | 108/200 ] loss = 0.75907, acc = 0.76385
[ Train | 109/200 ] loss = 0.57112, acc = 0.80489
[ Valid | 109/200 ] loss = 0.76246, acc = 0.75394
[ Train | 110/200 ] loss = 0.54491, acc = 0.81482
[ Valid | 110/200 ] loss = 0.74453, acc = 0.76064
[ Train | 111/200 ] loss = 0.56004, acc = 0.80762
[ Valid | 111/200 ] loss = 0.74402, acc = 0.76560
[ Train | 112/200 ] loss = 0.55401, acc = 0.81127
[ Valid | 112/200 ] loss = 0.72891, acc = 0.76472
[ Train | 113/200 ] loss = 0.54981, acc = 0.81644
[ Valid | 113/200 ] loss = 0.79250, acc = 0.75044
[ Train | 114/200 ] loss = 0.55365, acc = 0.81046
[ Valid | 114/200 ] loss = 0.73941, acc = 0.76006
[ Train | 115/200 ] loss = 0.53974, acc = 0.81563
[ Valid | 115/200 ] loss = 0.73317, acc = 0.76472
[ Train | 116/200 ] loss = 0.54057, acc = 0.81776
[ Valid | 116/200 ] loss = 0.72321, acc = 0.76735
[ Train | 117/200 ] loss = 0.52999, acc = 0.82080
[ Valid | 117/200 ] loss = 0.72377, acc = 0.77259 -> best
[ Train | 118/200 ] loss = 0.53214, acc = 0.82323
[ Valid | 118/200 ] loss = 0.71895, acc = 0.77318 -> best
[ Train | 119/200 ] loss = 0.53560, acc = 0.82384
[ Valid | 119/200 ] loss = 0.74392, acc = 0.76706
[ Train | 120/200 ] loss = 0.52055, acc = 0.82445
[ Valid | 120/200 ] loss = 0.75186, acc = 0.76997
[ Train | 121/200 ] loss = 0.51412, acc = 0.82384
[ Valid | 121/200 ] loss = 0.73332, acc = 0.76501
[ Train | 122/200 ] loss = 0.52850, acc = 0.82201
[ Valid | 122/200 ] loss = 0.76956, acc = 0.75918
[ Train | 123/200 ] loss = 0.51993, acc = 0.82323
[ Valid | 123/200 ] loss = 0.72941, acc = 0.77609 -> best
[ Train | 124/200 ] loss = 0.50055, acc = 0.83154
[ Valid | 124/200 ] loss = 0.74917, acc = 0.76880
[ Train | 125/200 ] loss = 0.50388, acc = 0.82617
[ Valid | 125/200 ] loss = 0.78272, acc = 0.76210
[ Train | 126/200 ] loss = 0.50975, acc = 0.82343
[ Valid | 126/200 ] loss = 0.73296, acc = 0.76764
[ Train | 127/200 ] loss = 0.50862, acc = 0.82566
[ Valid | 127/200 ] loss = 0.69044, acc = 0.78396 -> best
[ Train | 128/200 ] loss = 0.50727, acc = 0.82830
[ Valid | 128/200 ] loss = 0.71024, acc = 0.77609
[ Train | 129/200 ] loss = 0.49773, acc = 0.82972
[ Valid | 129/200 ] loss = 0.73465, acc = 0.77172
[ Train | 130/200 ] loss = 0.49571, acc = 0.82850
[ Valid | 130/200 ] loss = 0.81475, acc = 0.75131
[ Train | 131/200 ] loss = 0.47631, acc = 0.83854
[ Valid | 131/200 ] loss = 0.69447, acc = 0.77755
[ Train | 132/200 ] loss = 0.48762, acc = 0.83894
[ Valid | 132/200 ] loss = 0.71553, acc = 0.77551
[ Train | 133/200 ] loss = 0.48609, acc = 0.83550
[ Valid | 133/200 ] loss = 0.74660, acc = 0.77638
[ Train | 134/200 ] loss = 0.47705, acc = 0.84127
[ Valid | 134/200 ] loss = 0.70677, acc = 0.78484 -> best
[ Train | 135/200 ] loss = 0.48702, acc = 0.83661
[ Valid | 135/200 ] loss = 0.73665, acc = 0.77813
[ Train | 136/200 ] loss = 0.46726, acc = 0.84198
[ Valid | 136/200 ] loss = 0.75723, acc = 0.76181
[ Train | 137/200 ] loss = 0.47230, acc = 0.84026
[ Valid | 137/200 ] loss = 0.72356, acc = 0.78163
[ Train | 138/200 ] loss = 0.48649, acc = 0.83337
[ Valid | 138/200 ] loss = 0.73972, acc = 0.76880
[ Train | 139/200 ] loss = 0.48177, acc = 0.83408
[ Valid | 139/200 ] loss = 0.72628, acc = 0.77609
[ Train | 140/200 ] loss = 0.46647, acc = 0.84087
[ Valid | 140/200 ] loss = 0.75154, acc = 0.77143
[ Train | 141/200 ] loss = 0.46094, acc = 0.84279
[ Valid | 141/200 ] loss = 0.70821, acc = 0.77755
[ Train | 142/200 ] loss = 0.44917, acc = 0.84958
[ Valid | 142/200 ] loss = 0.70697, acc = 0.77668
[ Train | 143/200 ] loss = 0.46036, acc = 0.84462
[ Valid | 143/200 ] loss = 0.73693, acc = 0.76910
[ Train | 144/200 ] loss = 0.45562, acc = 0.84573
[ Valid | 144/200 ] loss = 0.71759, acc = 0.78076
[ Train | 145/200 ] loss = 0.44976, acc = 0.84766
[ Valid | 145/200 ] loss = 0.73712, acc = 0.78134
[ Train | 146/200 ] loss = 0.44740, acc = 0.84695
[ Valid | 146/200 ] loss = 0.75871, acc = 0.76764
[ Train | 147/200 ] loss = 0.45876, acc = 0.84269
[ Valid | 147/200 ] loss = 0.73929, acc = 0.77697
[ Train | 148/200 ] loss = 0.44955, acc = 0.84695
[ Valid | 148/200 ] loss = 0.69109, acc = 0.78688 -> best
[ Train | 149/200 ] loss = 0.44372, acc = 0.84786
[ Valid | 149/200 ] loss = 0.71671, acc = 0.78017
[ Train | 150/200 ] loss = 0.43371, acc = 0.85131
[ Valid | 150/200 ] loss = 0.69465, acc = 0.79038 -> best
[ Train | 151/200 ] loss = 0.43971, acc = 0.85121
[ Valid | 151/200 ] loss = 0.73435, acc = 0.77784
[ Train | 152/200 ] loss = 0.42892, acc = 0.85313
[ Valid | 152/200 ] loss = 0.70678, acc = 0.78513
[ Train | 153/200 ] loss = 0.42955, acc = 0.85293
[ Valid | 153/200 ] loss = 0.80402, acc = 0.76035
[ Train | 154/200 ] loss = 0.43677, acc = 0.84948
[ Valid | 154/200 ] loss = 0.73347, acc = 0.77493
[ Train | 155/200 ] loss = 0.41669, acc = 0.85617
[ Valid | 155/200 ] loss = 0.74055, acc = 0.76764
[ Train | 156/200 ] loss = 0.41909, acc = 0.86084
[ Valid | 156/200 ] loss = 0.72697, acc = 0.77872
[ Train | 157/200 ] loss = 0.41166, acc = 0.86094
[ Valid | 157/200 ] loss = 0.73974, acc = 0.78134
[ Train | 158/200 ] loss = 0.42227, acc = 0.85749
[ Valid | 158/200 ] loss = 0.75055, acc = 0.77289
[ Train | 159/200 ] loss = 0.42325, acc = 0.85425
[ Valid | 159/200 ] loss = 0.70994, acc = 0.78163
[ Train | 160/200 ] loss = 0.41909, acc = 0.85293
[ Valid | 160/200 ] loss = 0.72682, acc = 0.78163
[ Train | 161/200 ] loss = 0.41654, acc = 0.85840
[ Valid | 161/200 ] loss = 0.71209, acc = 0.78076
[ Train | 162/200 ] loss = 0.41306, acc = 0.85871
[ Valid | 162/200 ] loss = 0.71439, acc = 0.78309
[ Train | 163/200 ] loss = 0.41007, acc = 0.86144
[ Valid | 163/200 ] loss = 0.72521, acc = 0.78396
[ Train | 164/200 ] loss = 0.39557, acc = 0.86418
[ Valid | 164/200 ] loss = 0.73392, acc = 0.78222
[ Train | 165/200 ] loss = 0.41421, acc = 0.86063
[ Valid | 165/200 ] loss = 0.72148, acc = 0.78076
[ Train | 166/200 ] loss = 0.41228, acc = 0.85982
[ Valid | 166/200 ] loss = 0.72459, acc = 0.78659
[ Train | 167/200 ] loss = 0.40159, acc = 0.86256
[ Valid | 167/200 ] loss = 0.73022, acc = 0.77697
[ Train | 168/200 ] loss = 0.39298, acc = 0.86570
[ Valid | 168/200 ] loss = 0.75243, acc = 0.77784
[ Train | 169/200 ] loss = 0.39085, acc = 0.86905
[ Valid | 169/200 ] loss = 0.73151, acc = 0.78542
[ Train | 170/200 ] loss = 0.39551, acc = 0.86428
[ Valid | 170/200 ] loss = 0.71837, acc = 0.78309
[ Train | 171/200 ] loss = 0.39917, acc = 0.86175
[ Valid | 171/200 ] loss = 0.70574, acc = 0.78396
[ Train | 172/200 ] loss = 0.38065, acc = 0.86935
[ Valid | 172/200 ] loss = 0.69816, acc = 0.79329 -> best
[ Train | 173/200 ] loss = 0.38042, acc = 0.86813
[ Valid | 173/200 ] loss = 0.70211, acc = 0.78921
[ Train | 174/200 ] loss = 0.39763, acc = 0.86459
[ Valid | 174/200 ] loss = 0.71589, acc = 0.78426
[ Train | 175/200 ] loss = 0.38669, acc = 0.86732
[ Valid | 175/200 ] loss = 0.78454, acc = 0.77289
[ Train | 176/200 ] loss = 0.38418, acc = 0.86631
[ Valid | 176/200 ] loss = 0.76566, acc = 0.77405
[ Train | 177/200 ] loss = 0.37855, acc = 0.87249
[ Valid | 177/200 ] loss = 0.75029, acc = 0.77755
[ Train | 178/200 ] loss = 0.36984, acc = 0.87482
[ Valid | 178/200 ] loss = 0.77112, acc = 0.78251
[ Train | 179/200 ] loss = 0.37785, acc = 0.87006
[ Valid | 179/200 ] loss = 0.74360, acc = 0.78134
[ Train | 180/200 ] loss = 0.37453, acc = 0.86844
[ Valid | 180/200 ] loss = 0.73526, acc = 0.78863
[ Train | 181/200 ] loss = 0.38661, acc = 0.86803
[ Valid | 181/200 ] loss = 0.71465, acc = 0.78134
[ Train | 182/200 ] loss = 0.35801, acc = 0.87888
[ Valid | 182/200 ] loss = 0.76301, acc = 0.77784
[ Train | 183/200 ] loss = 0.38452, acc = 0.86560
[ Valid | 183/200 ] loss = 0.74044, acc = 0.78717
[ Train | 184/200 ] loss = 0.37140, acc = 0.87604
[ Valid | 184/200 ] loss = 0.75307, acc = 0.77580
[ Train | 185/200 ] loss = 0.35879, acc = 0.87705
[ Valid | 185/200 ] loss = 0.72861, acc = 0.79155
[ Train | 186/200 ] loss = 0.36099, acc = 0.87807
[ Valid | 186/200 ] loss = 0.73228, acc = 0.79096
[ Train | 187/200 ] loss = 0.37050, acc = 0.87573
[ Valid | 187/200 ] loss = 0.72411, acc = 0.78192
[ Train | 188/200 ] loss = 0.35712, acc = 0.87746
[ Valid | 188/200 ] loss = 0.71243, acc = 0.80437 -> best
[ Train | 189/200 ] loss = 0.36104, acc = 0.87340
[ Valid | 189/200 ] loss = 0.72641, acc = 0.78396
[ Train | 190/200 ] loss = 0.36789, acc = 0.87827
[ Valid | 190/200 ] loss = 0.70513, acc = 0.78950
[ Train | 191/200 ] loss = 0.36403, acc = 0.87198
[ Valid | 191/200 ] loss = 0.76685, acc = 0.77580
[ Train | 192/200 ] loss = 0.36133, acc = 0.87563
[ Valid | 192/200 ] loss = 0.72516, acc = 0.78746
[ Train | 193/200 ] loss = 0.35399, acc = 0.87918
[ Valid | 193/200 ] loss = 0.71955, acc = 0.78776
[ Train | 194/200 ] loss = 0.35285, acc = 0.88212
[ Valid | 194/200 ] loss = 0.71899, acc = 0.78367
[ Train | 195/200 ] loss = 0.34764, acc = 0.88060
[ Valid | 195/200 ] loss = 0.71902, acc = 0.79359
[ Train | 196/200 ] loss = 0.34898, acc = 0.87979
[ Valid | 196/200 ] loss = 0.72601, acc = 0.79359
[ Train | 197/200 ] loss = 0.34630, acc = 0.88192
[ Valid | 197/200 ] loss = 0.73358, acc = 0.79213
[ Train | 198/200 ] loss = 0.34888, acc = 0.87938
[ Valid | 198/200 ] loss = 0.75458, acc = 0.78134
[ Train | 199/200 ] loss = 0.34205, acc = 0.88192
[ Valid | 199/200 ] loss = 0.74250, acc = 0.78776
[ Train | 200/200 ] loss = 0.34607, acc = 0.88050
[ Valid | 200/200 ] loss = 0.74878, acc = 0.78484
B200_mbv2_ce: best valid acc 0.80437 at epoch 188, 1916.4 s
